   TideFTP    test  test.local:22                                1 queued  tide-night  split 50/50
╭────────────────────────────────────────────────╮╭────────────────────────────────────────────────╮
│Local                       /home/allie/projects││Remote                              /public_html│
│mode        size        modified        name    ││mode        size        modified        name    │
│  ▸ drwxr-╭─ tideftp · connect ────────────────────────────────────────────────────────╮ uploads  │
│    -rw-r-│                                                                            │ index.htm│
│    -rw-r-│  Status  test  test.local:22                                               │          │
│          │                                                                            │          │
│          │  ▌ Profile                                                          (new)  │          │
│          │    Name                                                              test  │          │
│          │    Protocol                                                          sftp  │          │
│          │    Host                                                        test.local  │          │
│          │    Port                                                                    │          │
│          │    Username                                                         allie  │          │
│          │    Auth                                                         agent/key  │          │
│          │    Identity                                                                │          │
│          │    Key Passphrase                                                          │          │
│          │    Known Hosts                                                             │          │
│          │    Host Keys                                                          ask  │          │
│          │    Path                                                      /public_html  │          │
│          │                                                                            │          │
╰──────────│    tab next   h/l change   ctrl/alt+enter connect   ctrl+u clear   esc ca  │──────────╯
╭──────────│    ctrl+s save profile   ctrl+x delete profile                             │──────────╮
│Transfers │    ctrl+d disconnect                                                       │     queue│
│  1 Queue │                                                                            │          │
│↑ [=======╰────────────────────────────────────────────────────────────────────────────╯ansferring│
│↓ [                  ]  /public_html/index.html -> /home/allie/projects/i…               0% queued│
│                                                                                                  │
╰──────────────────────────────────────────────────────────────────────────────────────────────────╯
   ready   tab pane  enter open  space select  u upload  d download  c connect  t theme  shift+arr…