   TideFTP    test  test.local:22                                1 queued  tide-night  split 50/50
╭─────────────╭─ tideftp · help ─────────────────────────────────────────────────────╮─────────────╮
│Local        │                                                                      │ /public_html│
│mode        s│   Keyboard                                                           │     name    │
│  ▸ drwxr-xr-│  Search  |                                                           │:30 uploads  │
│    -rw-r--r-│                                                                      │:30 index.htm│
│    -rw-r--r-│  Navigate                                                            │             │
│             │    tab / shift+tab                                   switch panes    │             │
│             │    up/down, k/j                                       move cursor    │             │
│             │    pgup / pgdown                                   page up / down    │             │
│             │    enter                                           open directory    │             │
│             │    backspace / h                                 parent directory    │             │
│             │                                                                      │             │
│             │  Act                                                                 │             │
│             │    space                                         toggle selection    │             │
│             │    ctrl+a                                              select all    │             │
│             │    esc                                   clear selection / cancel    │             │
│             │    u                                                       upload    │             │
│             │    d                                                     download    │             │
│             │    r                                                      refresh    │             │
│             │    n                                                   new folder    │             │
╰─────────────│    f2                                                 rename item    │─────────────╯
╭─────────────│    e                                         edit file in $EDITOR    │─────────────╮
│Transfers    │    delete                           delete selected / highlighted    │        queue│
│  1 Queue (2x│                                                                      │             │
│↑ [========= │  Rows  1-18/34                                                       │ transferring│
│↓ [          │    type search   up/down scroll   ctrl+u clear   esc close           │    0% queued│
│             │                                                                      │             │
╰─────────────╰──────────────────────────────────────────────────────────────────────╯─────────────╯
   ready   tab pane  enter open  space select  u upload  d download  c connect  t theme  shift+arr…