   TideFTP    ╭─ tideftp · help ─────────────────────────────────────────────────────╮ split 50/50  
╭─────────────│                                                                      │─────────────╮
│Local        │   Keyboard                                                           │ /public_html│
│mode        s│                                                                      │     name    │
│  ▸ drwxr-xr-│  Navigate                                                            │:30 uploads  │
│    -rw-r--r-│    tab / shift+tab                                   switch panes    │:30 index.htm│
│    -rw-r--r-│    up/down, k/j                                       move cursor    │             │
│             │    pgup / pgdown                                   page up / down    │             │
│             │    enter                                           open directory    │             │
│             │    backspace / h                                 parent directory    │             │
│             │                                                                      │             │
│             │  Act                                                                 │             │
│             │    space                                         toggle selection    │             │
│             │    ctrl+a                                              select all    │             │
│             │    esc                                   clear selection / cancel    │             │
│             │    u                                                       upload    │             │
│             │    d                                                     download    │             │
│             │    r                                                      refresh    │             │
│             │    x                    cancel active transfer (queue pane) / all    │             │
│             │    R                               retry selected failed transfer    │             │
│             │    +/-                              more/fewer parallel transfers    │             │
╰─────────────│    .                                          toggle hidden files    │─────────────╯
╭─────────────│                                                                      │─────────────╮
│Transfers    │  View                                                                │        queue│
│  1 Queue (2x│    c                                         connect / disconnect    │             │
│↑ [========= │    t                                                 theme picker    │ transferring│
│↓ [          │    ,                                                     settings    │    0% queued│
│             │    i                                                 toggle icons    │             │
╰─────────────│    shift+left/right                             resize file panes    │─────────────╯
   ready   tab│    shift+up/down                             resize transfer pane    │e  shift+arr… 