   TideFTP    test  test.local:22                                1 queued  tide-night  split 50/50
╭────────────────────────────────────────────────╮╭────────────────────────────────────────────────╮
│Local                       /home/allie/projects││Remote                              /public_html│
│mode        size        modified        name    ││mode        size        modified        name    │
│  ▸ drwxr-xr-x     <DIR>  Jan 15 09:30 assets   ││  ▸ drwxr-xr-x     <DIR>  Jan 15 09:30 uploads  │
│    -rw-r--r--    2.0 KB  Jan 15 09:30 README.md││    -rw-r--r--    8.0 KB  Jan 15 09:30 index.htm│
│    -rw-r--r--    4.0 KB  Jan 15 09:30 main.go  ││                                                │
│                                                ││                                                │
│                                                ││                                                │
│      ╭─ tideftp · preview · tideftp ──────────────────────────────────────────────────────╮      │
│      │                                                                                    │      │
│      │  hex · /releases/2026-08-ship/tideftp · first 24 B of 6.5 MB                       │      │
│      │                                                                                    │      │
│      │  00000000  7f 45 4c 46 02 01 01 00  00 00 00 00 00 00 00 00  |.ELF............|    │      │
│      │  00000010  02 00 3e 00 01 00 00 00                           |..>.....|            │      │
│      │                                                                                    │      │
│      │  Lines  1-2/2 (head only)                                                          │      │
│      │    up/down scroll   x text/hex   esc close                                         │      │
│      │                                                                                    │      │
│      ╰────────────────────────────────────────────────────────────────────────────────────╯      │
│                                                ││                                                │
╰────────────────────────────────────────────────╯╰────────────────────────────────────────────────╯
╭──────────────────────────────────────────────────────────────────────────────────────────────────╮
│Transfers                                                                                    queue│
│  1 Queue (2x)    2 Active   3 Failed   4 History   5 Log   6 Stats                               │
│↑ [=========         ]  /home/allie/projects/main.go -> /public_html/main.go      50% transferring│
│↓ [                  ]  /public_html/index.html -> /home/allie/projects/index.html       0% queued│
│                                                                                                  │
╰──────────────────────────────────────────────────────────────────────────────────────────────────╯
   ready   tab pane  enter open  space select  u upload  d download  c connect  t theme  shift+arr…