   TideFTP    test  test.local:22                                1 queued  tide-night  split 50/50
╭────────────────────────────────────────────────╮╭────────────────────────────────────────────────╮
│Local                       /home/allie/projects││Remote                              /public_html│
│mode        size        modified        name    ││mode        size        modified        name    │
│  ▸ drwxr-xr-x     <DIR>  Jan 15 09:30 assets   ││  ▸ drwxr-xr-x     <DIR>  Jan 15 09:30 uploads  │
│    -rw-r--r--    2.0 KB  Jan 15 09:30 README.md││    -rw-r--r--    8.0 KB  Jan 15 09:30 index.htm│
│    -rw-r--r--    4.0 KB  Jan 15 09:30 main.go  ││                                                │
│                                                ││                                                │
│                                                ││                                                │
│            ╭─ tideftp · connect ────────────────────────────────────────────────────╮            │
│            │                                                                        │            │
│            │  Saved servers                                                         │            │
│            │                                                                        │            │
│            │  ▌ prod web                         sftp · deploy@web1.example.com:22  │            │
│            │    backups                                     ftp · bob@nas.local:21  │            │
│            │    ＋ New connection…                                                  │            │
│            │                                                                        │            │
│            │    enter connect   e edit   n new   dd delete   esc close              │            │
│            │                                                                        │            │
│            ╰────────────────────────────────────────────────────────────────────────╯            │
│                                                ││                                                │
╰────────────────────────────────────────────────╯╰────────────────────────────────────────────────╯
╭──────────────────────────────────────────────────────────────────────────────────────────────────╮
│Transfers                                                                                    queue│
│  1 Queue (2x)    2 Failed   3 History   4 Log   5 Stats                                          │
│ ▰▰▰▰▰▱▱▱▱▱▱▱▱▱▱▱▱▱▱▱▱▱▱▱▱▱▱▱▱▱  17% Queue 2 · 2.0 KB / 12.0 KB                                   │
│ ▰▰▰▰▰▰▰▰▰▰▰▰▰▰▰▱▱▱▱▱▱▱▱▱▱▱▱▱▱▱  50% Active 1 · 2.0 KB / 4.0 KB                                   │
│↑ ▰▰▰▰▰▰▰▰▰▱▱▱▱▱▱▱▱▱  /home/allie/projects/main.go -> /public_html/main.go        50% transferring│
╰──────────────────────────────────────────────────────────────────────────────────────────────────╯
   ready   tab pane  enter open  space select  u upload  d download  c connect  t theme  shift+arr…