   TideFTP    test  test.local:22                                1 queued  tide-night  split 50/50
╭────────────────────────────────────────────────╮╭────────────────────────────────────────────────╮
│Local                       /home/allie/projects││Remote                              /public_html│
│mode        size  ╭─ tideftp · settings ───────────────────────────────────────╮ed        name    │
│  ▸ drwxr-xr-x    │                                                            │15 09:30 uploads  │
│    -rw-r--r--    │  Appearance                                                │15 09:30 index.htm│
│    -rw-r--r--    │  ▌ Theme                                       tide-night  │                  │
│                  │    Density                                        compact  │                  │
│                  │    Shadow                                              on  │                  │
│                  │    Icons                                               on  │                  │
│                  │  Transfer performance                                      │                  │
│                  │    Max Parallel                                         2  │                  │
│                  │  Workflow                                                  │                  │
│                  │    Editor                                              vi  │                  │
│                  │  Reliability                                               │                  │
│                  │    Verify                                             off  │                  │
│                  │    Reconnect                           on · 8 tries / ~9m  │                  │
│                  │    Recover interrupted                 on · verified only  │                  │
│                  │    Connectivity check            on · pauses when offline  │                  │
│                  │  Updates                                                   │                  │
│                  │    Check for updates                                   on  │                  │
╰──────────────────│    Updates                     dev build — enter to check  │──────────────────╯
╭──────────────────│                                                            │──────────────────╮
│Transfers         │    up/down select   h/l change   esc close                 │             queue│
│  1 Queue (2x)    │                                                            │                  │
│ ▰▰▰▰▰▱▱▱▱▱▱▱▱▱▱▱▱╰────────────────────────────────────────────────────────────╯                  │
│ ▰▰▰▰▰▰▰▰▰▰▰▰▰▰▰▱▱▱▱▱▱▱▱▱▱▱▱▱▱▱  50% Active 1 · 2.0 KB / 4.0 KB                                   │
│↑ ▰▰▰▰▰▰▰▰▰▱▱▱▱▱▱▱▱▱  /home/allie/projects/main.go -> /public_html/main.go        50% transferring│
╰──────────────────────────────────────────────────────────────────────────────────────────────────╯
   ready   tab pane  enter open  space select  u upload  d download  c connect  t theme  shift+arr…