   TideFTP    test  test.local:22                                1 queued  tide-night  split 50/50  
╭────────────────────────────────────────────────╮╭────────────────────────────────────────────────╮
│Local                       /home/allie/projects││Remote                              /public_html│
│mode        size        modified        name    ││mode        size        modified        name    │
│  ▸ drwxr-xr-x     <DIR>  Jan 15 09:30 assets   ││  ▸ drwxr-xr-x     <DIR>  Jan 15 09:30 uploads  │
│    -rw-r--r--    2.0 KB  Jan 15 09:30 README.md││    -rw-r--r--    8.0 KB  Jan 15 09:30 index.htm│
│    -rw-r--r--    4.0 KB  Jan 15 09:30 main.go  ││                                                │
│                                                ││                                                │
│                                                ││                                                │
│                                                ││                                                │
│                                                ││                                                │
│                                                ││                                                │
│                                                ││                                                │
│                                                ││                                                │
│                                                ││                                                │
│                                                ││                                                │
│                                                ││                                                │
│                                                ││                                                │
│                                                ││                                                │
│                                                ││                                                │
│                                                ││                                                │
╰────────────────────────────────────────────────╯╰────────────────────────────────────────────────╯
╭──────────────────────────────────────────────────────────────────────────────────────────────────╮
│Transfers                                                                                    stats│
│ 1 Queue (2x)   2 Active   3 Failed   4 History   5 Log    6 Stats                                │
│Active 1 · Queued 1 · ↕ 4.1 MB/s                                                                  │
│⣀⣀⣀⣀⣀⣀⣀⣀⣀⣀⣀⣀⣀⣀⣀⣀⣀⣀⣀⣀⣀⣀⣀⣀⣀⣀⣀⣀⣀⣀⣀⣀⣀⣀⣀⣀⣀⣀⣀⣀⣀⣀⣀⣀⣀⣀⣀⣀⣀⣀⣀⣀⣀⣀⣀⣀⣀⣀⣀⣀⣀⣀⣀⣀⣀⣀⣀⣀⣀⣀⣀⣀⣀⣀⣀⣀⣀⣀⣀⣀⣀⣀⣀⣀⣀⣀⣀⣀⣀⣀⣀⣀⣀⣀⡠⠊⠑⢄│
│Done 2 · Failed 1 · Moved 149.0 KB · Avg 9.8 KB/s (73.2 KB files) · sftp 1/0 99.7 KB · ftp 1/1 49.│
╰──────────────────────────────────────────────────────────────────────────────────────────────────╯
   ready   tab pane  enter open  space select  u upload  d download  c connect  t theme  shift+arr… 